2026-06-15T05:30:20Z [START] A/B V5bVtAej1hs depth-res sweep — workspace=stereo-crafter-test
2026-06-15T05:30:35Z [BILLING] 04:00=$3.6656
2026-06-15T05:30:47Z [LOCAL] (0) ffmpeg 1440p+4K @6fps starting
2026-06-15T05:31:22Z [LOCAL] (0) done
2026-06-15T05:31:35Z [BILLING] 04:00=$3.6656
2026-06-15T05:31:50Z [BILLING] 04:00=$3.6656
2026-06-15T05:32:35Z [BILLING] 04:00=$3.6656
2026-06-15T05:32:51Z [BILLING] 04:00=$3.6656
2026-06-15T05:33:36Z [BILLING] 04:00=$3.6656
2026-06-15T05:33:51Z [BILLING] 04:00=$3.6656
2026-06-15T05:34:09Z [BILLING] total6h=$3.6656 | 04:00=$3.6656
2026-06-15T05:34:26Z [TRIGGER] 1a depth_res=714 output_res=1440 job=8870786d0720
2026-06-15T05:34:26Z [TRIGGER] 1b depth_res=714 output_res=2160 job=eb68eccacd30
2026-06-15T05:34:27Z [TRIGGER] 2a depth_res=1078 output_res=1440 job=7888d6d18f51
2026-06-15T05:34:28Z [TRIGGER] 2b depth_res=1078 output_res=2160 job=053a756a62a2
2026-06-15T05:34:28Z [TRIGGER] 3a depth_res=1442 output_res=1440 job=36e2d7fb7542
2026-06-15T05:34:29Z [TRIGGER] 3b depth_res=1442 output_res=2160 job=00f425c9b379
2026-06-15T05:34:30Z [TRIGGER] 4a depth_res=1806 output_res=1440 job=3ab0bbf10a79
2026-06-15T05:34:30Z [TRIGGER] 4b depth_res=1806 output_res=1800 job=670e992dc3c9
2026-06-15T05:34:31Z [TRIGGER] 4c depth_res=1806 output_res=2160 job=76767c62e440
2026-06-15T05:34:36Z [BILLING] 04:00=$3.6656
2026-06-15T05:35:10Z [BILLING] total6h=$3.6656 | 04:00=$3.6656
2026-06-15T05:35:27Z [CANCEL-ALL] cancelling 9 concurrent jobs to re-run sequentially
2026-06-15T05:35:36Z [BILLING] 04:00=$3.6656
2026-06-15T05:36:10Z [BILLING] total6h=$3.6656 | 04:00=$3.6656
2026-06-15T05:36:13Z [PLAN] cancelled all 9. Waiting 5min for GPU drain, then SEQUENTIAL run (one job at a time, wait for completion+download before next) so billing diffs attribute per-variant.
2026-06-15T05:36:36Z [BILLING] 04:00=$3.6656
2026-06-15T05:37:10Z [BILLING] total6h=$3.6656 | 04:00=$3.6656
2026-06-15T05:37:37Z [BILLING] 04:00=$3.6656
2026-06-15T05:38:11Z [BILLING] total6h=$3.6656 | 04:00=$3.6656
2026-06-15T05:38:37Z [BILLING] 04:00=$3.6656
2026-06-15T05:38:38Z [RESTART] running all 9 in PARALLEL; using in-source cost ESTIMATES (cost_summary) for per-variant cost (billing API lags real-time)
2026-06-15T05:38:43Z [TRIGGER] 1a depth_res=714 output_res=1440 job=d3d6c96d6105
2026-06-15T05:38:43Z [TRIGGER] 1b depth_res=714 output_res=2160 job=80ff1d22b6fd
2026-06-15T05:38:44Z [TRIGGER] 2a depth_res=1078 output_res=1440 job=1db0e65ed980
2026-06-15T05:38:44Z [TRIGGER] 2b depth_res=1078 output_res=2160 job=969b9585a147
2026-06-15T05:38:45Z [TRIGGER] 3a depth_res=1442 output_res=1440 job=ec772a2a1f1c
2026-06-15T05:38:45Z [TRIGGER] 3b depth_res=1442 output_res=2160 job=3899ba34a1b9
2026-06-15T05:38:46Z [TRIGGER] 4a depth_res=1806 output_res=1440 job=5139d4d32a25
2026-06-15T05:38:47Z [TRIGGER] 4b depth_res=1806 output_res=1800 job=19f085bac6b8
2026-06-15T05:38:47Z [TRIGGER] 4c depth_res=1806 output_res=2160 job=c684cdcc0ebd
2026-06-15T05:39:11Z [BILLING] total6h=$3.6656 | 04:00=$3.6656
2026-06-15T05:39:37Z [BILLING] 04:00=$3.6656
2026-06-15T05:40:11Z [BILLING] total6h=$3.6656 | 04:00=$3.6656
2026-06-15T05:40:37Z [BILLING] 04:00=$3.6656
2026-06-15T05:41:11Z [BILLING] total6h=$3.6656 | 04:00=$3.6656
2026-06-15T05:41:38Z [BILLING] 04:00=$3.6656
2026-06-15T05:42:12Z [BILLING] total6h=$3.6656 | 04:00=$3.6656
2026-06-15T05:42:38Z [BILLING] 04:00=$3.6656
2026-06-15T05:42:52Z [COMPLETE] 1a job=d3d6c96d6105
2026-06-15T05:43:12Z [BILLING] total6h=$3.6656 | 04:00=$3.6656
2026-06-15T05:43:38Z [BILLING] 04:00=$3.6656
2026-06-15T05:44:12Z [BILLING] total6h=$3.6656 | 04:00=$3.6656
2026-06-15T05:44:38Z [BILLING] 04:00=$3.6656
2026-06-15T05:45:12Z [BILLING] total6h=$3.6656 | 04:00=$3.6656
2026-06-15T05:45:38Z [BILLING] 04:00=$3.6656
2026-06-15T05:45:47Z [COMPLETE] 1b job=80ff1d22b6fd
2026-06-15T05:46:13Z [BILLING] total6h=$3.6656 | 04:00=$3.6656
2026-06-15T05:46:39Z [BILLING] 04:00=$3.6656
2026-06-15T05:47:13Z [BILLING] total6h=$3.6656 | 04:00=$3.6656
2026-06-15T05:47:28Z [COMPLETE] 2a job=1db0e65ed980
2026-06-15T05:47:40Z [BILLING] 04:00=$3.6656
2026-06-15T05:48:13Z [BILLING] total6h=$3.6656 | 04:00=$3.6656
2026-06-15T05:48:34Z [COMPLETE] 2b job=969b9585a147
2026-06-15T05:48:40Z [BILLING] 04:00=$3.6656
2026-06-15T05:49:14Z [BILLING] total6h=$3.6656 | 04:00=$3.6656
2026-06-15T05:49:40Z [BILLING] 04:00=$3.6656
2026-06-15T05:50:14Z [BILLING] total6h=$3.6656 | 04:00=$3.6656
2026-06-15T05:50:29Z [COMPLETE] 3a job=ec772a2a1f1c
2026-06-15T05:50:41Z [BILLING] 04:00=$3.6656
2026-06-15T05:51:14Z [BILLING] total6h=$3.6656 | 04:00=$3.6656
2026-06-15T05:51:35Z [COMPLETE] 3b job=3899ba34a1b9
2026-06-15T05:51:41Z [BILLING] 04:00=$3.6656
2026-06-15T05:52:15Z [BILLING] total6h=$3.6656 | 04:00=$3.6656
2026-06-15T05:52:41Z [BILLING] 04:00=$3.6656
2026-06-15T05:53:15Z [BILLING] total6h=$3.6656 | 04:00=$3.6656
2026-06-15T05:53:41Z [BILLING] 04:00=$3.6656
2026-06-15T05:53:55Z [COMPLETE] 4a job=5139d4d32a25
2026-06-15T05:54:16Z [BILLING] total6h=$3.6656 | 04:00=$3.6656
2026-06-15T05:54:42Z [BILLING] 04:00=$3.6656
2026-06-15T05:55:04Z [COMPLETE] 4b job=19f085bac6b8
2026-06-15T05:55:16Z [BILLING] total6h=$3.6656 | 04:00=$3.6656
2026-06-15T05:55:42Z [BILLING] 04:00=$3.6656
2026-06-15T05:56:16Z [BILLING] total6h=$3.6656 | 04:00=$3.6656
2026-06-15T05:56:38Z [COMPLETE] 4c job=c684cdcc0ebd
2026-06-15T05:56:43Z [BILLING] 04:00=$3.6656
2026-06-15T05:57:17Z [BILLING] total6h=$3.6656 | 04:00=$3.6656
2026-06-15T05:57:43Z [BILLING] 04:00=$3.6656
2026-06-15T05:58:17Z [BILLING] total6h=$3.6656 | 04:00=$3.6656
2026-06-15T05:58:43Z [BILLING] 04:00=$3.6656
2026-06-15T05:59:17Z [BILLING] total6h=$3.6656 | 04:00=$3.6656
2026-06-15T05:59:44Z [BILLING] 04:00=$3.6656
2026-06-15T06:00:18Z [BILLING] total6h=$10.5806 | 04:00=$3.6656 | 05:00=$6.9150
2026-06-15T06:00:44Z [BILLING] 04:00=$3.6656 | 05:00=$6.9150
2026-06-15T06:01:18Z [BILLING] total6h=$10.5806 | 04:00=$3.6656 | 05:00=$6.9150
2026-06-15T06:01:44Z [BILLING] 04:00=$3.6656 | 05:00=$6.9150
2026-06-15T06:02:18Z [BILLING] total6h=$10.5806 | 04:00=$3.6656 | 05:00=$6.9150
2026-06-15T06:02:44Z [BILLING] 04:00=$3.6656 | 05:00=$6.9150
2026-06-15T06:03:20Z [BILLING] total6h=$10.5806 | 04:00=$3.6656 | 05:00=$6.9150
2026-06-15T06:03:45Z [BILLING] 04:00=$3.6656 | 05:00=$6.9150
2026-06-15T06:04:20Z [BILLING] total6h=$10.5806 | 04:00=$3.6656 | 05:00=$6.9150
2026-06-15T06:04:45Z [BILLING] 04:00=$3.6656 | 05:00=$6.9150
2026-06-15T06:05:21Z [BILLING] total6h=$10.5806 | 04:00=$3.6656 | 05:00=$6.9150
2026-06-15T06:05:45Z [BILLING] 04:00=$3.6656 | 05:00=$6.9150
2026-06-15T06:06:21Z [BILLING] total6h=$10.5806 | 04:00=$3.6656 | 05:00=$6.9150
2026-06-15T06:06:46Z [BILLING] 04:00=$3.6656 | 05:00=$6.9150
2026-06-15T06:07:21Z [BILLING] total6h=$10.5806 | 04:00=$3.6656 | 05:00=$6.9150
2026-06-15T06:07:46Z [BILLING] 04:00=$3.6656 | 05:00=$6.9150
2026-06-15T06:08:22Z [BILLING] total6h=$10.5806 | 04:00=$3.6656 | 05:00=$6.9150
2026-06-15T06:08:46Z [BILLING] 04:00=$3.6656 | 05:00=$6.9150
2026-06-15T06:09:22Z [BILLING] total6h=$10.5806 | 04:00=$3.6656 | 05:00=$6.9150
2026-06-15T06:09:46Z [BILLING] 04:00=$3.6656 | 05:00=$6.9150
2026-06-15T06:10:23Z [BILLING] total6h=$10.5806 | 04:00=$3.6656 | 05:00=$6.9150
2026-06-15T06:10:47Z [BILLING] 04:00=$3.6656 | 05:00=$6.9150
2026-06-15T06:11:23Z [BILLING] total6h=$10.5806 | 04:00=$3.6656 | 05:00=$6.9150
2026-06-15T06:11:47Z [BILLING] 04:00=$3.6656 | 05:00=$6.9150
2026-06-15T06:12:23Z [BILLING] total6h=$10.5806 | 04:00=$3.6656 | 05:00=$6.9150
2026-06-15T06:12:47Z [BILLING] 04:00=$3.6656 | 05:00=$6.9150
2026-06-15T06:13:23Z [BILLING] total6h=$10.5806 | 04:00=$3.6656 | 05:00=$6.9150
2026-06-15T06:13:47Z [BILLING] 04:00=$3.6656 | 05:00=$6.9150
2026-06-15T06:14:24Z [BILLING] total6h=$10.5806 | 04:00=$3.6656 | 05:00=$6.9150
2026-06-15T06:14:48Z [BILLING] 04:00=$3.6656 | 05:00=$6.9150
2026-06-15T06:15:24Z [BILLING] total6h=$10.5806 | 04:00=$3.6656 | 05:00=$6.9150
2026-06-15T06:15:48Z [BILLING] 04:00=$3.6656 | 05:00=$6.9150
2026-06-15T06:16:24Z [BILLING] total6h=$10.5806 | 04:00=$3.6656 | 05:00=$6.9150
2026-06-15T06:16:48Z [BILLING] 04:00=$3.6656 | 05:00=$6.9150
2026-06-15T06:17:24Z [BILLING] total6h=$10.5806 | 04:00=$3.6656 | 05:00=$6.9150
2026-06-15T06:17:48Z [BILLING] 04:00=$3.6656 | 05:00=$6.9150
2026-06-15T06:18:25Z [BILLING] total6h=$10.5806 | 04:00=$3.6656 | 05:00=$6.9150
2026-06-15T06:18:48Z [BILLING] 04:00=$3.6656 | 05:00=$6.9150
2026-06-15T06:19:25Z [BILLING] total6h=$10.5806 | 04:00=$3.6656 | 05:00=$6.9150
2026-06-15T06:19:49Z [BILLING] 04:00=$3.6656 | 05:00=$6.9150
2026-06-15T06:20:25Z [BILLING] total6h=$10.5806 | 04:00=$3.6656 | 05:00=$6.9150
2026-06-15T06:20:49Z [BILLING] 04:00=$3.6656 | 05:00=$6.9150
2026-06-15T06:21:25Z [BILLING] total6h=$10.5806 | 04:00=$3.6656 | 05:00=$6.9150
2026-06-15T06:21:49Z [BILLING] 04:00=$3.6656 | 05:00=$6.9150
2026-06-15T06:22:25Z [BILLING] total6h=$10.5806 | 04:00=$3.6656 | 05:00=$6.9150
2026-06-15T06:22:49Z [BILLING] 04:00=$3.6656 | 05:00=$6.9150
2026-06-15T06:23:26Z [BILLING] total6h=$10.5806 | 04:00=$3.6656 | 05:00=$6.9150
2026-06-15T06:23:50Z [BILLING] 04:00=$3.6656 | 05:00=$6.9150
2026-06-15T06:24:26Z [BILLING] total6h=$10.5806 | 04:00=$3.6656 | 05:00=$6.9150
2026-06-15T06:24:50Z [BILLING] 04:00=$3.6656 | 05:00=$6.9150
2026-06-15T06:25:26Z [BILLING] total6h=$10.5806 | 04:00=$3.6656 | 05:00=$6.9150
2026-06-15T06:25:50Z [BILLING] 04:00=$3.6656 | 05:00=$6.9150
2026-06-15T06:26:26Z [BILLING] total6h=$10.5806 | 04:00=$3.6656 | 05:00=$6.9150
2026-06-15T06:26:50Z [BILLING] 04:00=$3.6656 | 05:00=$6.9150
2026-06-15T06:27:27Z [BILLING] total6h=$10.5806 | 04:00=$3.6656 | 05:00=$6.9150
2026-06-15T06:27:50Z [BILLING] 04:00=$3.6656 | 05:00=$6.9150
2026-06-15T06:28:27Z [BILLING] total6h=$10.5806 | 04:00=$3.6656 | 05:00=$6.9150
2026-06-15T06:28:51Z [BILLING] 04:00=$3.6656 | 05:00=$6.9150
2026-06-15T06:29:27Z [BILLING] total6h=$10.5806 | 04:00=$3.6656 | 05:00=$6.9150
2026-06-15T06:29:51Z [BILLING] 04:00=$3.6656 | 05:00=$6.9150
2026-06-15T06:30:27Z [BILLING] total6h=$10.5806 | 04:00=$3.6656 | 05:00=$6.9150
2026-06-15T06:30:51Z [BILLING] error: Protocol error
2026-06-15T06:31:28Z [BILLING] total6h=$10.5806 | 04:00=$3.6656 | 05:00=$6.9150
2026-06-15T06:31:51Z [BILLING] 04:00=$3.6656 | 05:00=$6.9150
2026-06-15T06:32:28Z [BILLING] total6h=$10.5806 | 04:00=$3.6656 | 05:00=$6.9150
2026-06-15T06:32:52Z [BILLING] 04:00=$3.6656 | 05:00=$6.9150
2026-06-15T06:33:28Z [BILLING] total6h=$10.5806 | 04:00=$3.6656 | 05:00=$6.9150
2026-06-15T06:33:52Z [BILLING] 04:00=$3.6656 | 05:00=$6.9150
2026-06-15T06:34:28Z [BILLING] error: Protocol error
2026-06-15T06:34:52Z [BILLING] 04:00=$3.6656 | 05:00=$6.9150
2026-06-15T06:35:28Z [BILLING] total6h=$10.5806 | 04:00=$3.6656 | 05:00=$6.9150
2026-06-15T06:35:52Z [BILLING] 04:00=$3.6656 | 05:00=$6.9150
2026-06-15T06:36:29Z [BILLING] total6h=$10.5806 | 04:00=$3.6656 | 05:00=$6.9150
2026-06-15T06:36:52Z [BILLING] 04:00=$3.6656 | 05:00=$6.9150
2026-06-15T06:37:29Z [BILLING] total6h=$10.5806 | 04:00=$3.6656 | 05:00=$6.9150
2026-06-15T06:37:53Z [BILLING] 04:00=$3.6656 | 05:00=$6.9150
2026-06-15T06:38:30Z [BILLING] total6h=$10.5806 | 04:00=$3.6656 | 05:00=$6.9150
2026-06-15T06:38:53Z [BILLING] 04:00=$3.6656 | 05:00=$6.9150
2026-06-15T06:39:30Z [BILLING] total6h=$10.5806 | 04:00=$3.6656 | 05:00=$6.9150
2026-06-15T06:39:53Z [BILLING] 04:00=$3.6656 | 05:00=$6.9150
2026-06-15T06:40:30Z [BILLING] total6h=$10.5806 | 04:00=$3.6656 | 05:00=$6.9150
2026-06-15T06:40:53Z [BILLING] 04:00=$3.6656 | 05:00=$6.9150
2026-06-15T06:41:30Z [BILLING] total6h=$10.5806 | 04:00=$3.6656 | 05:00=$6.9150
2026-06-15T06:41:54Z [BILLING] 04:00=$3.6656 | 05:00=$6.9150
2026-06-15T06:42:31Z [BILLING] total6h=$10.5806 | 04:00=$3.6656 | 05:00=$6.9150
2026-06-15T06:42:54Z [BILLING] 04:00=$3.6656 | 05:00=$6.9150
2026-06-15T06:43:31Z [BILLING] total6h=$10.5806 | 04:00=$3.6656 | 05:00=$6.9150
2026-06-15T06:43:54Z [BILLING] 04:00=$3.6656 | 05:00=$6.9150
2026-06-15T06:44:31Z [BILLING] total6h=$10.5806 | 04:00=$3.6656 | 05:00=$6.9150
2026-06-15T06:44:54Z [BILLING] 04:00=$3.6656 | 05:00=$6.9150
2026-06-15T06:45:31Z [BILLING] total6h=$10.5806 | 04:00=$3.6656 | 05:00=$6.9150
2026-06-15T06:45:55Z [BILLING] 04:00=$3.6656 | 05:00=$6.9150
2026-06-15T06:46:32Z [BILLING] total6h=$10.5806 | 04:00=$3.6656 | 05:00=$6.9150
2026-06-15T06:46:55Z [BILLING] 04:00=$3.6656 | 05:00=$6.9150
2026-06-15T06:47:32Z [BILLING] total6h=$10.5806 | 04:00=$3.6656 | 05:00=$6.9150
2026-06-15T06:47:55Z [BILLING] 04:00=$3.6656 | 05:00=$6.9150
2026-06-15T06:48:32Z [BILLING] total6h=$10.5806 | 04:00=$3.6656 | 05:00=$6.9150
2026-06-15T06:48:55Z [BILLING] 04:00=$3.6656 | 05:00=$6.9150
2026-06-15T06:49:33Z [BILLING] total6h=$10.5806 | 04:00=$3.6656 | 05:00=$6.9150
2026-06-15T06:49:55Z [BILLING] 04:00=$3.6656 | 05:00=$6.9150
2026-06-15T06:50:33Z [BILLING] total6h=$10.5806 | 04:00=$3.6656 | 05:00=$6.9150
2026-06-15T06:50:56Z [BILLING] 04:00=$3.6656 | 05:00=$6.9150
2026-06-15T06:51:33Z [BILLING] total6h=$10.5806 | 04:00=$3.6656 | 05:00=$6.9150
2026-06-15T06:51:56Z [BILLING] 04:00=$3.6656 | 05:00=$6.9150
2026-06-15T06:52:34Z [BILLING] total6h=$10.5806 | 04:00=$3.6656 | 05:00=$6.9150
2026-06-15T06:52:56Z [BILLING] 04:00=$3.6656 | 05:00=$6.9150
2026-06-15T06:53:34Z [BILLING] total6h=$10.5806 | 04:00=$3.6656 | 05:00=$6.9150
2026-06-15T06:53:56Z [BILLING] 04:00=$3.6656 | 05:00=$6.9150
2026-06-15T06:54:34Z [BILLING] total6h=$10.5806 | 04:00=$3.6656 | 05:00=$6.9150
2026-06-15T06:54:57Z [BILLING] 04:00=$3.6656 | 05:00=$6.9150
2026-06-15T06:55:34Z [BILLING] total6h=$10.5806 | 04:00=$3.6656 | 05:00=$6.9150
2026-06-15T06:55:58Z [BILLING] 04:00=$3.6656 | 05:00=$6.9150
2026-06-15T06:56:34Z [BILLING] total6h=$10.5806 | 04:00=$3.6656 | 05:00=$6.9150
2026-06-15T06:56:58Z [BILLING] 04:00=$3.6656 | 05:00=$6.9150
2026-06-15T06:57:35Z [BILLING] total6h=$10.5806 | 04:00=$3.6656 | 05:00=$6.9150
2026-06-15T06:57:58Z [BILLING] 04:00=$3.6656 | 05:00=$6.9150
2026-06-15T06:58:35Z [BILLING] total6h=$10.5806 | 04:00=$3.6656 | 05:00=$6.9150
2026-06-15T06:58:59Z [BILLING] 04:00=$3.6656 | 05:00=$6.9150
2026-06-15T06:59:35Z [BILLING] total6h=$10.5806 | 04:00=$3.6656 | 05:00=$6.9150
2026-06-15T06:59:59Z [BILLING] 04:00=$3.6656 | 05:00=$6.9150
2026-06-15T07:00:36Z [BILLING] total6h=$10.5809 | 04:00=$3.6656 | 05:00=$6.9150 | 06:00=$0.0003
2026-06-15T07:00:59Z [BILLING] 05:00=$6.9150 | 06:00=$0.0003
2026-06-15T07:01:36Z [BILLING] total6h=$10.5809 | 04:00=$3.6656 | 05:00=$6.9150 | 06:00=$0.0003
2026-06-15T07:02:00Z [BILLING] 05:00=$6.9150 | 06:00=$0.0003
2026-06-15T07:02:37Z [BILLING] total6h=$10.5809 | 04:00=$3.6656 | 05:00=$6.9150 | 06:00=$0.0003
2026-06-15T07:03:00Z [BILLING] 05:00=$6.9150 | 06:00=$0.0003
2026-06-15T07:03:37Z [BILLING] total6h=$10.5809 | 04:00=$3.6656 | 05:00=$6.9150 | 06:00=$0.0003
2026-06-15T07:04:00Z [BILLING] 05:00=$6.9150 | 06:00=$0.0003
2026-06-15T07:04:37Z [BILLING] total6h=$10.5809 | 04:00=$3.6656 | 05:00=$6.9150 | 06:00=$0.0003
2026-06-15T07:05:00Z [BILLING] 05:00=$6.9150 | 06:00=$0.0003
2026-06-15T07:05:38Z [BILLING] total6h=$10.5809 | 04:00=$3.6656 | 05:00=$6.9150 | 06:00=$0.0003
2026-06-15T07:06:01Z [BILLING] 05:00=$6.9150 | 06:00=$0.0003
2026-06-15T07:06:38Z [BILLING] total6h=$10.5809 | 04:00=$3.6656 | 05:00=$6.9150 | 06:00=$0.0003
2026-06-15T07:07:01Z [BILLING] 05:00=$6.9150 | 06:00=$0.0003
2026-06-15T07:07:38Z [BILLING] total6h=$10.5809 | 04:00=$3.6656 | 05:00=$6.9150 | 06:00=$0.0003
2026-06-15T07:08:01Z [BILLING] 05:00=$6.9150 | 06:00=$0.0003
2026-06-15T07:08:38Z [BILLING] total6h=$10.5809 | 04:00=$3.6656 | 05:00=$6.9150 | 06:00=$0.0003
2026-06-15T07:09:02Z [BILLING] 05:00=$6.9150 | 06:00=$0.0003
2026-06-15T07:09:39Z [BILLING] total6h=$10.5809 | 04:00=$3.6656 | 05:00=$6.9150 | 06:00=$0.0003
2026-06-15T07:10:02Z [BILLING] 05:00=$6.9150 | 06:00=$0.0003
2026-06-15T07:10:39Z [BILLING] total6h=$10.5809 | 04:00=$3.6656 | 05:00=$6.9150 | 06:00=$0.0003
2026-06-15T07:11:03Z [BILLING] 05:00=$6.9150 | 06:00=$0.0003
2026-06-15T07:11:39Z [BILLING] total6h=$10.5809 | 04:00=$3.6656 | 05:00=$6.9150 | 06:00=$0.0003
2026-06-15T07:12:03Z [BILLING] 05:00=$6.9150 | 06:00=$0.0003
2026-06-15T07:12:40Z [BILLING] total6h=$10.5809 | 04:00=$3.6656 | 05:00=$6.9150 | 06:00=$0.0003
2026-06-15T07:13:03Z [BILLING] 05:00=$6.9150 | 06:00=$0.0003
2026-06-15T07:13:40Z [BILLING] total6h=$10.5809 | 04:00=$3.6656 | 05:00=$6.9150 | 06:00=$0.0003
2026-06-15T07:14:03Z [BILLING] 05:00=$6.9150 | 06:00=$0.0003
2026-06-15T07:14:40Z [BILLING] total6h=$10.5809 | 04:00=$3.6656 | 05:00=$6.9150 | 06:00=$0.0003
2026-06-15T07:15:04Z [BILLING] 05:00=$6.9150 | 06:00=$0.0003
2026-06-15T07:15:40Z [BILLING] total6h=$10.5809 | 04:00=$3.6656 | 05:00=$6.9150 | 06:00=$0.0003
2026-06-15T07:16:04Z [BILLING] 05:00=$6.9150 | 06:00=$0.0003
2026-06-15T07:16:41Z [BILLING] total6h=$10.5809 | 04:00=$3.6656 | 05:00=$6.9150 | 06:00=$0.0003
2026-06-15T07:17:04Z [BILLING] 05:00=$6.9150 | 06:00=$0.0003
2026-06-15T07:17:41Z [BILLING] total6h=$10.5809 | 04:00=$3.6656 | 05:00=$6.9150 | 06:00=$0.0003
2026-06-15T07:18:04Z [BILLING] 05:00=$6.9150 | 06:00=$0.0003
2026-06-15T07:18:41Z [BILLING] total6h=$10.5809 | 04:00=$3.6656 | 05:00=$6.9150 | 06:00=$0.0003
2026-06-15T07:19:05Z [BILLING] 05:00=$6.9150 | 06:00=$0.0003
2026-06-15T07:19:41Z [BILLING] total6h=$10.5809 | 04:00=$3.6656 | 05:00=$6.9150 | 06:00=$0.0003
2026-06-15T07:20:05Z [BILLING] 05:00=$6.9150 | 06:00=$0.0003
2026-06-15T07:20:42Z [BILLING] total6h=$10.5809 | 04:00=$3.6656 | 05:00=$6.9150 | 06:00=$0.0003
2026-06-15T07:21:05Z [BILLING] 05:00=$6.9150 | 06:00=$0.0003
2026-06-15T07:21:42Z [BILLING] total6h=$10.5809 | 04:00=$3.6656 | 05:00=$6.9150 | 06:00=$0.0003
2026-06-15T07:22:05Z [BILLING] 05:00=$6.9150 | 06:00=$0.0003
2026-06-15T07:22:42Z [BILLING] total6h=$10.5809 | 04:00=$3.6656 | 05:00=$6.9150 | 06:00=$0.0003
2026-06-15T07:23:05Z [BILLING] 05:00=$6.9150 | 06:00=$0.0003
2026-06-15T07:23:42Z [BILLING] total6h=$10.5809 | 04:00=$3.6656 | 05:00=$6.9150 | 06:00=$0.0003
2026-06-15T07:24:06Z [BILLING] 05:00=$6.9150 | 06:00=$0.0003
2026-06-15T07:24:42Z [BILLING] total6h=$10.5809 | 04:00=$3.6656 | 05:00=$6.9150 | 06:00=$0.0003
2026-06-15T07:25:06Z [BILLING] 05:00=$6.9150 | 06:00=$0.0003
2026-06-15T07:25:43Z [BILLING] total6h=$10.5809 | 04:00=$3.6656 | 05:00=$6.9150 | 06:00=$0.0003
2026-06-15T07:26:06Z [BILLING] 05:00=$6.9150 | 06:00=$0.0003
2026-06-15T07:26:43Z [BILLING] total6h=$10.5809 | 04:00=$3.6656 | 05:00=$6.9150 | 06:00=$0.0003
2026-06-15T07:27:06Z [BILLING] 05:00=$6.9150 | 06:00=$0.0003
2026-06-15T07:27:43Z [BILLING] total6h=$10.5809 | 04:00=$3.6656 | 05:00=$6.9150 | 06:00=$0.0003
2026-06-15T07:28:06Z [BILLING] 05:00=$6.9150 | 06:00=$0.0003
2026-06-15T07:28:43Z [BILLING] total6h=$10.5809 | 04:00=$3.6656 | 05:00=$6.9150 | 06:00=$0.0003
2026-06-15T07:29:07Z [BILLING] 05:00=$6.9150 | 06:00=$0.0003
2026-06-15T07:29:44Z [BILLING] total6h=$10.5809 | 04:00=$3.6656 | 05:00=$6.9150 | 06:00=$0.0003
2026-06-15T07:30:07Z [BILLING] 05:00=$6.9150 | 06:00=$0.0003
2026-06-15T07:30:45Z [BILLING] total6h=$10.5809 | 04:00=$3.6656 | 05:00=$6.9150 | 06:00=$0.0003
2026-06-15T07:31:07Z [BILLING] 05:00=$6.9150 | 06:00=$0.0003
2026-06-15T07:31:45Z [BILLING] total6h=$10.5809 | 04:00=$3.6656 | 05:00=$6.9150 | 06:00=$0.0003
2026-06-15T07:32:07Z [BILLING] error: Protocol error
2026-06-15T07:32:45Z [BILLING] total6h=$10.5809 | 04:00=$3.6656 | 05:00=$6.9150 | 06:00=$0.0003
2026-06-15T07:33:07Z [BILLING] 05:00=$6.9150 | 06:00=$0.0003
2026-06-15T07:33:46Z [BILLING] total6h=$10.5809 | 04:00=$3.6656 | 05:00=$6.9150 | 06:00=$0.0003
2026-06-15T07:34:08Z [BILLING] 05:00=$6.9150 | 06:00=$0.0003
2026-06-15T07:34:46Z [BILLING] total6h=$10.5809 | 04:00=$3.6656 | 05:00=$6.9150 | 06:00=$0.0003
2026-06-15T07:35:08Z [BILLING] 05:00=$6.9150 | 06:00=$0.0003
2026-06-15T07:35:46Z [BILLING] error: Protocol error
2026-06-15T07:36:08Z [BILLING] 05:00=$6.9150 | 06:00=$0.0003
2026-06-15T07:36:46Z [BILLING] total6h=$10.5809 | 04:00=$3.6656 | 05:00=$6.9150 | 06:00=$0.0003
2026-06-15T07:37:08Z [BILLING] 05:00=$6.9150 | 06:00=$0.0003
2026-06-15T07:37:47Z [BILLING] total6h=$10.5809 | 04:00=$3.6656 | 05:00=$6.9150 | 06:00=$0.0003
2026-06-15T07:38:09Z [BILLING] 05:00=$6.9150 | 06:00=$0.0003
2026-06-15T07:38:47Z [BILLING] total6h=$10.5809 | 04:00=$3.6656 | 05:00=$6.9150 | 06:00=$0.0003
2026-06-15T07:39:09Z [BILLING] 05:00=$6.9150 | 06:00=$0.0003
2026-06-15T07:39:47Z [BILLING] total6h=$10.5809 | 04:00=$3.6656 | 05:00=$6.9150 | 06:00=$0.0003
2026-06-15T07:40:09Z [BILLING] 05:00=$6.9150 | 06:00=$0.0003
2026-06-15T07:40:47Z [BILLING] total6h=$10.5809 | 04:00=$3.6656 | 05:00=$6.9150 | 06:00=$0.0003
2026-06-15T07:41:09Z [BILLING] 05:00=$6.9150 | 06:00=$0.0003
2026-06-15T07:41:48Z [BILLING] total6h=$10.5809 | 04:00=$3.6656 | 05:00=$6.9150 | 06:00=$0.0003
2026-06-15T07:42:10Z [BILLING] 05:00=$6.9150 | 06:00=$0.0003
2026-06-15T07:42:48Z [BILLING] total6h=$10.5809 | 04:00=$3.6656 | 05:00=$6.9150 | 06:00=$0.0003
2026-06-15T07:43:10Z [BILLING] 05:00=$6.9150 | 06:00=$0.0003
2026-06-15T07:43:48Z [BILLING] total6h=$10.5809 | 04:00=$3.6656 | 05:00=$6.9150 | 06:00=$0.0003
2026-06-15T07:44:10Z [BILLING] 05:00=$6.9150 | 06:00=$0.0003
2026-06-15T07:44:48Z [BILLING] total6h=$10.5809 | 04:00=$3.6656 | 05:00=$6.9150 | 06:00=$0.0003
2026-06-15T07:45:10Z [BILLING] 05:00=$6.9150 | 06:00=$0.0003
2026-06-15T07:45:49Z [BILLING] total6h=$10.5809 | 04:00=$3.6656 | 05:00=$6.9150 | 06:00=$0.0003
2026-06-15T07:46:11Z [BILLING] 05:00=$6.9150 | 06:00=$0.0003
2026-06-15T07:46:49Z [BILLING] total6h=$10.5809 | 04:00=$3.6656 | 05:00=$6.9150 | 06:00=$0.0003
2026-06-15T07:47:11Z [BILLING] 05:00=$6.9150 | 06:00=$0.0003
2026-06-15T07:47:49Z [BILLING] total6h=$10.5809 | 04:00=$3.6656 | 05:00=$6.9150 | 06:00=$0.0003
2026-06-15T07:48:11Z [BILLING] 05:00=$6.9150 | 06:00=$0.0003
2026-06-15T07:48:50Z [BILLING] total6h=$10.5809 | 04:00=$3.6656 | 05:00=$6.9150 | 06:00=$0.0003
2026-06-15T07:49:11Z [BILLING] 05:00=$6.9150 | 06:00=$0.0003
2026-06-15T07:49:50Z [BILLING] total6h=$10.5809 | 04:00=$3.6656 | 05:00=$6.9150 | 06:00=$0.0003
2026-06-15T07:50:11Z [BILLING] 05:00=$6.9150 | 06:00=$0.0003
2026-06-15T07:50:50Z [BILLING] total6h=$10.5809 | 04:00=$3.6656 | 05:00=$6.9150 | 06:00=$0.0003
2026-06-15T07:51:12Z [BILLING] 05:00=$6.9150 | 06:00=$0.0003
2026-06-15T07:51:50Z [BILLING] total6h=$10.5809 | 04:00=$3.6656 | 05:00=$6.9150 | 06:00=$0.0003
2026-06-15T07:52:12Z [BILLING] 05:00=$6.9150 | 06:00=$0.0003
2026-06-15T07:52:51Z [BILLING] total6h=$10.5809 | 04:00=$3.6656 | 05:00=$6.9150 | 06:00=$0.0003
2026-06-15T07:53:12Z [BILLING] 05:00=$6.9150 | 06:00=$0.0003
2026-06-15T07:53:51Z [BILLING] total6h=$10.5809 | 04:00=$3.6656 | 05:00=$6.9150 | 06:00=$0.0003
2026-06-15T07:54:13Z [BILLING] 05:00=$6.9150 | 06:00=$0.0003
2026-06-15T07:54:51Z [BILLING] total6h=$10.5809 | 04:00=$3.6656 | 05:00=$6.9150 | 06:00=$0.0003
2026-06-15T07:55:13Z [BILLING] 05:00=$6.9150 | 06:00=$0.0003
2026-06-15T07:55:51Z [BILLING] total6h=$10.5809 | 04:00=$3.6656 | 05:00=$6.9150 | 06:00=$0.0003
2026-06-15T07:56:14Z [BILLING] 05:00=$6.9150 | 06:00=$0.0003
2026-06-15T07:56:51Z [BILLING] total6h=$10.5809 | 04:00=$3.6656 | 05:00=$6.9150 | 06:00=$0.0003
2026-06-15T07:57:14Z [BILLING] 05:00=$6.9150 | 06:00=$0.0003
2026-06-15T07:57:52Z [BILLING] total6h=$10.5809 | 04:00=$3.6656 | 05:00=$6.9150 | 06:00=$0.0003
2026-06-15T07:58:14Z [BILLING] 05:00=$6.9150 | 06:00=$0.0003
2026-06-15T07:58:52Z [BILLING] total6h=$10.5809 | 04:00=$3.6656 | 05:00=$6.9150 | 06:00=$0.0003
2026-06-15T07:59:15Z [BILLING] 05:00=$6.9150 | 06:00=$0.0003
2026-06-15T07:59:52Z [BILLING] total6h=$10.5809 | 04:00=$3.6656 | 05:00=$6.9150 | 06:00=$0.0003
2026-06-15T08:00:15Z [BILLING] 06:00=$0.0003 | 07:00=$0.0002
2026-06-15T08:00:52Z [BILLING] total6h=$10.5811 | 04:00=$3.6656 | 05:00=$6.9150 | 06:00=$0.0003 | 07:00=$0.0002
2026-06-15T08:01:15Z [BILLING] 06:00=$0.0003 | 07:00=$0.0002
2026-06-15T08:01:53Z [BILLING] total6h=$10.5811 | 04:00=$3.6656 | 05:00=$6.9150 | 06:00=$0.0003 | 07:00=$0.0002
2026-06-15T08:02:16Z [BILLING] 06:00=$0.0003 | 07:00=$0.0002
2026-06-15T08:02:53Z [BILLING] total6h=$10.5811 | 04:00=$3.6656 | 05:00=$6.9150 | 06:00=$0.0003 | 07:00=$0.0002
2026-06-15T08:03:16Z [BILLING] 06:00=$0.0003 | 07:00=$0.0002
2026-06-15T08:03:53Z [BILLING] total6h=$10.5811 | 04:00=$3.6656 | 05:00=$6.9150 | 06:00=$0.0003 | 07:00=$0.0002
2026-06-15T08:04:16Z [BILLING] 06:00=$0.0003 | 07:00=$0.0002
2026-06-15T08:04:54Z [BILLING] total6h=$10.5811 | 04:00=$3.6656 | 05:00=$6.9150 | 06:00=$0.0003 | 07:00=$0.0002
2026-06-15T08:05:17Z [BILLING] 06:00=$0.0003 | 07:00=$0.0002
2026-06-15T08:05:54Z [BILLING] total6h=$10.5811 | 04:00=$3.6656 | 05:00=$6.9150 | 06:00=$0.0003 | 07:00=$0.0002
2026-06-15T08:06:17Z [BILLING] 06:00=$0.0003 | 07:00=$0.0002
2026-06-15T08:06:55Z [BILLING] total6h=$10.5811 | 04:00=$3.6656 | 05:00=$6.9150 | 06:00=$0.0003 | 07:00=$0.0002
2026-06-15T08:07:17Z [BILLING] 06:00=$0.0003 | 07:00=$0.0002
2026-06-15T08:08:18Z [BILLING] 06:00=$0.0003 | 07:00=$0.0002
2026-06-15T08:09:18Z [BILLING] 06:00=$0.0003 | 07:00=$0.0002
2026-06-15T08:10:18Z [BILLING] 06:00=$0.0003 | 07:00=$0.0002
2026-06-15T08:11:18Z [BILLING] 06:00=$0.0003 | 07:00=$0.0002
2026-06-15T08:12:19Z [BILLING] 06:00=$0.0003 | 07:00=$0.0002
2026-06-15T08:13:19Z [BILLING] 06:00=$0.0003 | 07:00=$0.0002
2026-06-15T08:14:19Z [BILLING] 06:00=$0.0003 | 07:00=$0.0002
2026-06-15T08:15:20Z [BILLING] 06:00=$0.0003 | 07:00=$0.0002
2026-06-15T08:16:20Z [BILLING] 06:00=$0.0003 | 07:00=$0.0002
2026-06-15T08:17:20Z [BILLING] 06:00=$0.0003 | 07:00=$0.0002
2026-06-15T08:18:20Z [BILLING] 06:00=$0.0003 | 07:00=$0.0002
2026-06-15T08:19:21Z [BILLING] 06:00=$0.0003 | 07:00=$0.0002
2026-06-15T08:20:21Z [BILLING] 06:00=$0.0003 | 07:00=$0.0002
2026-06-15T08:21:21Z [BILLING] 06:00=$0.0003 | 07:00=$0.0002
2026-06-15T08:22:22Z [BILLING] 06:00=$0.0003 | 07:00=$0.0002
2026-06-15T08:23:22Z [BILLING] 06:00=$0.0003 | 07:00=$0.0002
2026-06-15T08:24:22Z [BILLING] 06:00=$0.0003 | 07:00=$0.0002
2026-06-15T08:25:22Z [BILLING] 06:00=$0.0003 | 07:00=$0.0002
2026-06-15T08:26:23Z [BILLING] 06:00=$0.0003 | 07:00=$0.0002
2026-06-15T08:27:23Z [BILLING] 06:00=$0.0003 | 07:00=$0.0002
2026-06-15T08:28:23Z [BILLING] 06:00=$0.0003 | 07:00=$0.0002
2026-06-15T08:29:23Z [BILLING] 06:00=$0.0003 | 07:00=$0.0002
2026-06-15T08:30:24Z [BILLING] 06:00=$0.0003 | 07:00=$0.0002
